<?xml version="1.0" encoding="utf-8"?>
<!DOCTYPE html PUBLIC "-//W3C//DTD XHTML 1.0 Transitional//EN" "DTD/xhtml1-transitional.dtd"[]>
<!--
==============================================================================
SourceDocuments/test_sa2.xml
==============================================================================
--><html xmlns="http://www.w3.org/1999/xhtml">
<title>Simple test of source annotations</title>
<body>
<p>Foo!</p>
</body>
</html>
