<?xml version="1.0" encoding="utf-8"?>
<!--
==============================================================================
SourceDocuments/test_sa3.xml
==============================================================================
-->
<html>
<body>
  <!--
==============================================================================
SourceDocuments/test_sa3.xml (line 4)
==============================================================================
--><div>This is macro1 on sa3 line 4.
    <span>This is slot1 on sa3 line 5.</span><!--
==============================================================================
SourceDocuments/test_sa3.xml (line 5)
==============================================================================
-->
    This is the end of macro1 on sa3 line 6.
  </div>
  <p>Some text on sa3 line 8.</p>
  <!--
==============================================================================
SourceDocuments/test_sa3.xml (line 4)
==============================================================================
--><div>This is macro1 on sa3 line 4.
    <!--
==============================================================================
SourceDocuments/test_sa3.xml (line 11)
==============================================================================
--><b>Text from sa3 line 11 is filled into slot1.</b><!--
==============================================================================
SourceDocuments/test_sa3.xml (line 5)
==============================================================================
-->
    This is the end of macro1 on sa3 line 6.
  </div><!--
==============================================================================
SourceDocuments/test_sa3.xml (line 13)
==============================================================================
-->
  <p>This is some text on sa3 line 14.</p>
</body>
</html>
