<!--
==============================================================================
SourceDocuments/test_sa4.html
==============================================================================
--><html>
<body>
  <p>Some text on sa4 line 3.</p>
  <!--
==============================================================================
SourceDocuments/test_sa3.html (line 3)
==============================================================================
--><div>This is macro1 on sa3 line 3.
    <!--
==============================================================================
SourceDocuments/test_sa4.html (line 6)
==============================================================================
--><b>Text from sa4 line 6 is filled into slot1.</b><!--
==============================================================================
SourceDocuments/test_sa3.html
==============================================================================
-->
    This is the end of macro1 on sa3 line 5.
  </div><!--
==============================================================================
SourceDocuments/test_sa4.html (line 8)
==============================================================================
-->
  <p>This is some text on sa4 line 9.</p>
</body>
</html>
