<!--
==============================================================================
SourceDocuments/test_sa3.html
==============================================================================
--><html>
<body>
  <!--
==============================================================================
SourceDocuments/test_sa3.html (line 3)
==============================================================================
--><div>This is macro1 on sa3 line 3.
    <span>This is slot1 on sa3 line 4.</span><!--
==============================================================================
SourceDocuments/test_sa3.html (line 4)
==============================================================================
-->
    This is the end of macro1 on sa3 line 5.
  </div>
  <p>Some text on sa3 line 7.</p>
  <!--
==============================================================================
SourceDocuments/test_sa3.html (line 3)
==============================================================================
--><div>This is macro1 on sa3 line 3.
    <!--
==============================================================================
SourceDocuments/test_sa3.html (line 10)
==============================================================================
--><b>Text from sa3 line 10 is filled into slot1.</b><!--
==============================================================================
SourceDocuments/test_sa3.html (line 4)
==============================================================================
-->
    This is the end of macro1 on sa3 line 5.
  </div><!--
==============================================================================
SourceDocuments/test_sa3.html (line 12)
==============================================================================
-->
  <p>This is some text on sa3 line 13.</p>
</body>
</html>
