<html>
<head>
<title>Load plugin test 1</title>
</head>
<body>
<div><html>
<head>
<title>Shared doc 1</title>
</head>
<body>
<p>
  Hello Joseph Bloggs!

</p>
</body>
</html></div>
</body>
</html>