<html>
<head>
<title>Load plugin test 5</title>
</head>
<body>
<div>
  <ul>
    <li>
      <div>
    <p>Content from the macro, before the slot-filler</p>
    <p>
      This is slot content from macro 'test2'.
      The item name is <strong>One</strong>.
    </p>
    <p>Content from the macro, after the slot-filler</p>
  </div>
    </li>
    <li>
      <div>
    <p>Content from the macro, before the slot-filler</p>
    <p>
      This is slot content from macro 'test2'.
      The item name is <strong>Two</strong>.
    </p>
    <p>Content from the macro, after the slot-filler</p>
  </div>
    </li>
    <li>
      <div>
    <p>Content from the macro, before the slot-filler</p>
    <p>
      This is slot content from macro 'test2'.
      The item name is <strong>Three</strong>.
    </p>
    <p>Content from the macro, after the slot-filler</p>
  </div>
    </li>
    
  </ul>
</div>

</body>
</html>