<html>
<head>
<title>Load plugin test 4</title>
</head>
<body>
<div>
  <ul>
    <li>
<p>
  Hello Joseph Bloggs!
  <br />Your item name is 'One'.
</p>
    </li>
    <li>
  <div>
    <p>Content from the macro, before the slot-filler</p>
    <p>
    Here's some slot-filling content
    <br />Your item name is 'Two'.
  </p>
    <p>Content from the macro, after the slot-filler</p>
  </div>
    </li>
    <li>
  <div>
    <p>This is content from a different macro</p>
    <p>
    Here's some slot-filling content
    <br />Your item name is 'Three'.
  </p>
    <p>This is content from a different macro</p>
  </div>
    </li>
  </ul>
</div>
</body>
</html>