<html>
<head>
<title>CSharp namespace test</title>
</head>
<body>
<p>
  The aggregate representation of the number sequence is:
  <span>1,2,3,4,5</span>
</p>
</body>
</html>