<?xml version="1.0" encoding="utf-8"?>
<html>
	<body>
		<h1>This is the body of test5</h1>
	</body>
</html>