<?xml version="1.0" encoding="utf-8"?>
<body>
Content



Content



<p>Content</p>
<p></p>
<img />

Yes
Yes
Yes
Yes
</body>