<?xml version="1.0" encoding="utf-8"?>
<body>
    <span>content</span>
    omit
    replace
</body>