<html i18n:domain="zope">
<body>
<div>
<div>
Default body
</div>
</div>
</body>
</html>

<html i18n:domain="zope">
<body>
<div>
<div>
Filled-in body
</div>
</div>
</body>
</html>
