<!-- the outer element *must* include tal:omit-tag='' -->

  <title>Z3 UI</title>

