<span class="foo">Should not get attr in metal</span>
