<?xml version="1.0" encoding="utf-8"?>
<body>
Yes
Yes
Yes

Yes
Yes
</body>