<div>
  OUTER
  <span>INNER</span>
  OUTER
</div>

<div>
  OUTER
  <span>INNER</span>
  OUTER
</div>
