<div>
    <a href="&quot;This is a string&quot;">This is a link.</a>
</div>
