<html>
<head>
<title>CSharp Linq test</title>
</head>
<body>
<p>
  Here is a sequence created using Linq:
  <span>one,two,three,four,five</span>
</p>
</body>
</html>