<div i18n:domain="zope">
<span>
Default for macro1
</span>
</div>

<div i18n:domain="zope">
<span>
Macro 2's slot 1 decoration
<span>
Default for macro2
</span>
</span>
</div>

<div i18n:domain="zope">
<span>
Macro 2's slot 1 decoration
<span>
Default for macro2
</span>
</span>
</div>

<div i18n:domain="zope">
<span>
Macro 2's slot 1 decoration
<span>
Custom slot1
</span>
</span>
</div>
