<!-- the outer element *must* be tal:something or metal:something -->

  <title>Z3 UI</title>

