<html>
    <head>
        <title>Structure expressions test</title>
    </head>
    <body>
        <h1>Structure expression test</h1>
        <div>&lt;p&gt;Hello world!&lt;/p&gt;</div>
        <div><p>Hello world!</p></div>
    </body>
</html>