<html>
<head>
<title>Load plugin test 2</title>
</head>
<body>
<div><p>
  Hello Joseph Bloggs!
  
</p></div>
</body>
</html>