<html>
<body>
<ul>
<li>
  Craig is <strong>silly</strong>.
</li>
<li>
  The sky is <strong>blue</strong>.
</li>
<li>
  ZPT-Sharp model rendering is <strong>working</strong>.
</li>

</ul>
</body>
</html>