<html>
<body>
   <div>
   <p>X</p>
   <p>X</p>
   <p>X</p>
   <p>X</p>
   <p>X</p>

   <p name="">Z</p>
   <p name="">Z</p>
   <p>Z</p>

   <p>Z</p>
   </div>
</body>
</html>
