<span>
  AAA
  <span>INNER</span>
  BBB
</span>

<span>
  AAA
  <span>INNER</span>
  BBB
</span>

<span>INNER</span>

<span>
  AAA
  <xxx>
  <span>INNER</span>
  </xxx>
  BBB
</span>

<span>
  AAA
  <xxx>
  <span>INNER</span>
  </xxx>
  BBB
</span>

<span>INNER</span>

<span>
  AAA
  <yyy>OUTERSLOT</yyy>
  BBB
</span>

<span>
  AAA
  <xxx>
  <span>INNER
    <xxx>INNERSLOT</xxx>
  </span>
  </xxx>
  BBB
</span>

<span>
  AAA
  <xxx>
  <span>INNER
    <xxx>INNERSLOT</xxx>
  </span>
  </xxx>
  BBB
</span>

<span>
  AAA
  <yyy>OUTERSLOT</yyy>
  BBB
</span>

<span>INNER
    <xxx>INNERSLOT</xxx>
  </span>

<span>INNER
    <yyy>INNERSLOT</yyy>
  </span>

<span>INNER
    <yyy>
    <zzz>INSLOT</zzz>
  </yyy>
  </span>

<zzz>INSLOT</zzz>
