<?xml version="1.0" encoding="utf-8"?>
<html>

<table>
  <tr>
    <td>car</td>
<td>bike</td>
<td>broomstick</td>
  </tr>
</table>

<p>
  Harry
Ron
Hermione
</p>

</html>
