<html>
<body>
<p>
  Just a bunch of text.
<p>more text...
<ul>
  <li>first item
  <li>second item

  <ol>
    <li>second list, first item
    <li>second list, second item
      <dl compact="">
        <dt>term 1
        <dt>term 2
        <dd>definition
      </dd></dl>
    </li>
  </ol>

  <li>Now let's have a paragraph...
    <p>My Paragraph
    </p></li>

  <li>And a table in a list item:
    <table>
    </table>
</li></ul>

</body>
</html>
