<html i18n:domain="zope">
    <x></x>
</html>
<html i18n:domain="zope">
    <x></x>
</html>
