<html>
<head>
<title>CSharp aliased namespace test</title>
</head>
<body>
<p>
  The current thread culture is:
  <span>en-GB</span>
</p>
</body>
</html>