<html>
<head>
  <title>Issue 221 - HTML form tag</title>
</head>
<body>
<h1>HTML form element</h1>
<p>
  This test diagnoses <a href="https://github.com/csf-dev/ZPT-Sharp/issues/221">Issue #221</a>,
  a rendering bug for HTML <code>&lt;form&gt;</code> elements.
</p>

</body>
</html>
