
  <html i18:domain="zope">
     Z3 UI
  </html>

